// Jest Snapshot v1, https://goo.gl/fbAQLP

exports[`Participants component renders the UI as expected 1`] = `
<div
  className="stage"
/>
`;
